I'm sorry, but errors were detected in your script. Please correct the
errors listed below, and try again.


File "game/script.rpy", line 4541: expected statement.
    hied gl neutral
                   ^

File "game/script.rpy", line 4558: expected statement.
    shoe ir neutral at midleft
                    ^

Ren'Py Version: Ren'Py 8.1.3.23091805
Thu Mar 28 12:38:04 2024
